d_drv:0x00,wp_drv:0x00
mode:DIO, clock div:2
load:0x3fff0030,len:7084
ho 0 tail 12 room 4
load:0x40078000,len:15584
load:ï¿½ets Jul 29 2019 12:21:46

rst:0x1 (POWERON_RESET),boot:0x13 (SPI_FAST_FLASH_BOOT)
configsip: 0, SPIWP:0xee
clk_drv:0x00,q_drv:0x00,d_drv:0x00,cs0_drv:0x00,hd_drv:0x00,wp_drv:0x00
mode:DIO, clock div:2
load:0x3fff0030,len:7084
ho 0 tail 12 room 4
load:0x40078000,len:15584
load:0x40080400,len:4
load:0x40080404,len:3876
entry 0x4008064c
[0;32mI (31) boot: ESP-IDF v5.1.2-dirty 2nd stage bootloader[0m
[0;32mI (31) boot: compile time May  8 2024 15:19:15[0m
[0;32mI (31) boot: Multicore bootloader[0m
[0;32mI (36) boot: chip revision: v3.0[0m
[0;32mI (40) boot.esp32: SPI Speed      : 40MHz[0m
[0;32mI (44) boot.esp32: SPI Mode       : DIO[0m
[0;32mI (49) boot.esp32: SPI Flash Size : 2MB[0m
[0;32mI (53) boot: Enabling RNG early entropy source...[0m
[0;32mI (59) boot: Partition Table:[0m
[0;32mI (62) boot: ## Label            Usage          Type ST Offset   Length[0m
[0;32mI (70) boot:  0 nvs              WiFi data        01 02 00009000 00006000[0m
[0;32mI (77) boot:  1 phy_init         RF data          01 01 0000f000 00001000[0m
[0;32mI (85) boot:  2 factory          factory app      00 00 00010000 00100000[0m
[0;32mI (92) boot: End of partition table[0m
[0;32mI (96) esp_image: segment 0: paddr=00010020 vaddr=3f400020 size=25808h (153608) map[0m
[0;32mI (160) esp_image: segment 1: paddr=00035830 vaddr=3ff80000 size=00004h (     4) load[0m
[0;32mI (161) esp_image: segment 2: paddr=0003583c vaddr=3ffb0000 size=03adch ( 15068) load[0m
[0;32mI (172) esp_image: segment 3: paddr=00039320 vaddr=40080000 size=06cf8h ( 27896) load[0m
[0;32mI (186) esp_image: segment 4: paddr=00040020 vaddr=400d0020 size=a11a4h (659876) map[0m
[0;32mI (425) esp_image: segment 5: paddr=000e11cc vaddr=40086cf8 size=0ef44h ( 61252) load[0m
[0;32mI (461) boot: Loaded app from partition at offset 0x10000[0m
[0;32mI (461) boot: Disabling RNG early entropy source...[0m
[0;32mI (473) cpu_start: Multicore app[0m
[0;32mI (473) cpu_start: Pro cpu up.[0m
[0;32mI (473) cpu_start: Starting app cpu, entry point is 0x40081390[0m
[0;32mI (0) cpu_start: App cpu up.[0m
[0;32mI (491) cpu_start: Pro cpu start user code[0m
[0;32mI (491) cpu_start: cpu freq: 160000000 Hz[0m
[0;32mI (491) cpu_start: Application information:[0m
[0;32mI (496) cpu_start: Project name:     oneshot_read[0m
[0;32mI (501) cpu_start: App version:      1[0m
[0;32mI (506) cpu_start: Compile time:     May  9 2024 10:24:00[0m
[0;32mI (512) cpu_start: ELF file SHA256:  b1dff13da6927e79...[0m
[0;32mI (518) cpu_start: ESP-IDF:          v5.1.2-dirty[0m
[0;32mI (523) cpu_start: Min chip rev:     v0.0[0m
[0;32mI (528) cpu_start: Max chip rev:     v3.99 [0m
[0;32mI (533) cpu_start: Chip rev:         v3.0[0m
[0;32mI (538) heap_init: Initializing. RAM available for dynamic allocation:[0m
[0;32mI (545) heap_init: At 3FFAE6E0 len 00001920 (6 KiB): DRAM[0m
[0;32mI (551) heap_init: At 3FFB8180 len 00027E80 (159 KiB): DRAM[0m
[0;32mI (557) heap_init: At 3FFE0440 len 00003AE0 (14 KiB): D/IRAM[0m
[0;32mI (563) heap_init: At 3FFE4350 len 0001BCB0 (111 KiB): D/IRAM[0m
[0;32mI (570) heap_init: At 40095C3C len 0000A3C4 (40 KiB): IRAM[0m
[0;32mI (578) spi_flash: detected chip: generic[0m
[0;32mI (581) spi_flash: flash io: dio[0m
[0;33mW (585) spi_flash: Detected size(8192k) larger than the size in the binary image header(2048k). Using the size in the binary image header.[0m
[0;32mI (599) app_start: Starting scheduler on CPU0[0m
[0;32mI (603) app_start: Starting scheduler on CPU1[0m
[0;32mI (603) main_task: Started on CPU0[0m
[0;32mI (613) main_task: Calling app_main()[0m
I (653) wifi:wifi driver task: 3ffc0258, prio:23, stack:6656, core=0
I (663) wifi:wifi firmware version: 91b9630
I (673) wifi:wifi certification version: v7.0
I (673) wifi:config NVS flash: enabled
I (673) wifi:config nano formating: disabled
I (673) wifi:Init data frame dynamic rx buffer num: 32
I (673) wifi:Init static rx mgmt buffer num: 5
I (683) wifi:Init management short buffer num: 32
I (683) wifi:Init dynamic tx buffer num: 32
I (693) wifi:Init static rx buffer size: 1600
I (693) wifi:Init static rx buffer num: 10
I (693) wifi:Init dynamic rx buffer num: 32
[0;32mI (703) wifi_init: rx ba win: 6[0m
[0;32mI (703) wifi_init: tcpip mbox: 32[0m
[0;32mI (713) wifi_init: udp mbox: 6[0m
[0;32mI (713) wifi_init: tcp mbox: 6[0m
[0;32mI (713) wifi_init: tcp tx win: 5744[0m
[0;32mI (723) wifi_init: tcp rx win: 5744[0m
[0;32mI (723) wifi_init: tcp mss: 1440[0m
[0;32mI (733) wifi_init: WiFi IRAM OP enabled[0m
[0;32mI (733) wifi_init: WiFi RX IRAM OP enabled[0m
[0;32mI (743) phy_init: phy_version 4780,16b31a7,Sep 22 2023,20:42:16[0m
I (823) wifi:mode : sta (10:97:bd:d5:56:6c)
I (823) wifi:enable tsf
[0;32mI (823) MQTT: MQTT_EVENT_BEFORE_CONNECT[0m
[0;31mE (833) esp-tls: couldn't get hostname for :broker.hivemq.com: getaddrinfo() returns 202, addrinfo=0x0[0m
[0;31mE (833) transport_base: Failed to open a new connection: 32769[0m
I (833) wifi:[0;31mE (843) mqtt_client: Error transport connect[0m
new:<1,0>, old:<1,0>, ap:<255,255>, sta:<1,0>, prof:1
[0;31mE (843) MQTT: MQTT_EVENT_ERROR[0m
I (853) wifi:state: init -> auth (b0)[0;32mI (853) MQTT: MQTT disconnected[0m

[0;32mI (833) main_task: Returned from app_main()[0m
I (863) wifi:state: auth -> assoc (0)
I (883) wifi:state: assoc -> run (10)
I (1053) wifi:connected with SkyNet, aid = 1, channel 1, BW20, bssid = 52:1e:50:fb:ac:4b
I (1053) wifi:security: WPA2-PSK, phy: bgn, rssi: -25
I (1053) wifi:pm start, type: 1

I (1063) wifi:<ba-add>idx:0 (ifx:0, 52:1e:50:fb:ac:4b), tid:0, ssn:0, winSize:64
I (1103) wifi:AP's beacon interval = 102400 us, DTIM period = 2
[0;32mI (2063) esp_netif_handlers: sta ip: 192.168.233.251, mask: 255.255.255.0, gw: 192.168.233.93[0m
[0;32mI (2063) WIFI: Got IP address: 192.168.233.251[0m
[0;32mI (10863) MQTT: MQTT_EVENT_BEFORE_CONNECT[0m
[0;32mI (11663) MQTT: MQTT connected successfully[0m
[0;32mI (11663) MQTT: Subscribed to topic 'org/sdu/2024/iot/my/name/command' successfully, message ID: 20414[0m
[0;32mI (11703) MQTT: MQTT_EVENT_SUBSCRIBED, msg_id=20414[0m
